// Jest Snapshot v1, https://goo.gl/fbAQLP

exports[`should render properly 1`] = `
<DocumentFragment>
  <div
    class="App"
  >
    <header>
      <h1>
        Todo App
      </h1>
    </header>
    <main
      id="mainWrap"
    >
      <section
        class="gridWrap"
      >
        <h2>
          The Burn.Net todo app
        </h2>
      </section>
    </main>
  </div>
</DocumentFragment>
`;
