// Jest Snapshot v1, https://goo.gl/fbAQLP

exports[`The Task List component should render properly 1`] = `
<section
  className="taskList"
/>
`;
